00:00 +0: loading D:/┘à┘ç┘à╪º╪¬/rahhal-ai-design/rahhal_flutter/test/widget_test.dart
00:00 +0 -1: loading D:/┘à┘ç┘à╪º╪¬/rahhal-ai-design/rahhal_flutter/test/widget_test.dart [E]
  Failed to load "D:/┘à┘ç┘à╪º╪¬/rahhal-ai-design/rahhal_flutter/test/widget_test.dart":
  Compilation failed for testPath=D:/┘à┘ç┘à╪º╪¬/rahhal-ai-design/rahhal_flutter/test/widget_test.dart: lib/features/itinerary/data/itinerary_repository_impl.dart:6:8: Error: Error when reading 'lib/trip_planner/domain/entities/stop_entity.dart': The system cannot find the path specified
  import '../../../trip_planner/domain/entities/stop_entity.dart';
         ^
  lib/features/map/data/map_repository_impl.dart:4:8: Error: Error when reading 'lib/trip_planner/domain/entities/stop_entity.dart': The system cannot find the path specified
  import '../../../trip_planner/domain/entities/stop_entity.dart';
         ^
  lib/features/saved_trips/data/saved_trips_repository_impl.dart:6:8: Error: Error when reading 'lib/trip_planner/domain/entities/trip_entity.dart': The system cannot find the path specified
  import '../../../trip_planner/domain/entities/trip_entity.dart';
         ^
  lib/features/itinerary/data/itinerary_repository_impl.dart:31:31: Error: Type 'StopEntity' not found.
    Future<Either<Failure, List<StopEntity>>> getStopsForDay(
                                ^^^^^^^^^^
  lib/features/itinerary/data/itinerary_repository_impl.dart:47:26: Error: Type 'StopEntity' not found.
    Future<Either<Failure, StopEntity>> getStopById(String stopId) async {
                           ^^^^^^^^^^
  lib/features/itinerary/data/itinerary_repository_impl.dart:94:3: Error: Type 'StopEntity' not found.
    StopEntity _stopFromMap(Map<String, dynamic> m) => StopEntity(
    ^^^^^^^^^^
  lib/features/map/data/map_repository_impl.dart:14:31: Error: Type 'StopEntity' not found.
    Future<Either<Failure, List<StopEntity>>> getStopsForTrip(
                                ^^^^^^^^^^
  lib/features/map/data/map_repository_impl.dart:30:31: Error: Type 'StopEntity' not found.
    Future<Either<Failure, List<StopEntity>>> getStopsForDay(
                                ^^^^^^^^^^
  lib/features/map/data/map_repository_impl.dart:45:3: Error: Type 'StopEntity' not found.
    StopEntity _fromMap(Map<String, dynamic> m) => StopEntity(
    ^^^^^^^^^^
  lib/features/saved_trips/data/saved_trips_repository_impl.dart:15:31: Error: Type 'TripEntity' not found.
    Future<Either<Failure, List<TripEntity>>> getAllTrips() async {
                                ^^^^^^^^^^
  lib/features/saved_trips/data/saved_trips_repository_impl.dart:53:3: Error: Type 'TripEntity' not found.
    TripEntity _fromMap(Map<String, dynamic> m) => TripEntity(
    ^^^^^^^^^^
  test/widget_test.dart:16:35: Error: Couldn't find constructor 'MyApp'.
      await tester.pumpWidget(const MyApp());
                                    ^^^^^
  lib/core/theme/app_theme.dart:173:37: Error: Method not found: 'CupertinoPageTransitionsBuilder'.
              TargetPlatform.android: CupertinoPageTransitionsBuilder(),
                                      ^^^^^^^^^^^^^^^^^^^^^^^^^^^^^^^
  lib/core/theme/app_theme.dart:174:33: Error: Method not found: 'CupertinoPageTransitionsBuilder'.
              TargetPlatform.iOS: CupertinoPageTransitionsBuilder(),
                                  ^^^^^^^^^^^^^^^^^^^^^^^^^^^^^^^
  lib/features/trip_planner/data/trip_repository_impl.dart:204:37: Error: The getter 'message' isn't defined for the type 'DatabaseException'.
   - 'DatabaseException' is from 'package:sqflite_common/src/exception.dart' ('/C:/Users/klook/AppData/Local/Pub/Cache/hosted/pub.dev/sqflite_common-2.5.11/lib/src/exception.dart').
  Try correcting the name to the name of an existing getter, or defining a getter or field named 'message'.
        return Left(DatabaseFailure(e.message));
                                      ^^^^^^^
  lib/features/itinerary/data/itinerary_repository_impl.dart:57:14: Error: A value of type 'Right<dynamic, dynamic>' can't be returned from an async function with return type 'Future<Either<Failure, invalid-type>>'.
   - 'Right' is from 'package:dartz/dartz.dart' ('/C:/Users/klook/AppData/Local/Pub/Cache/hosted/pub.dev/dartz-0.10.1/lib/dartz.dart').
   - 'Future' is from 'dart:async'.
   - 'Either' is from 'package:dartz/dartz.dart' ('/C:/Users/klook/AppData/Local/Pub/Cache/hosted/pub.dev/dartz-0.10.1/lib/dartz.dart').
   - 'Failure' is from 'package:rahhal_flutter/core/errors/failures.dart' ('lib/core/errors/failures.dart').
        return Right(_stopFromMap(row));
               ^
  lib/features/itinerary/data/itinerary_repository_impl.dart:94:54: Error: The method 'StopEntity' isn't defined for the type 'ItineraryRepositoryImpl'.
   - 'ItineraryRepositoryImpl' is from 'package:rahhal_flutter/features/itinerary/data/itinerary_repository_impl.dart' ('lib/features/itinerary/data/itinerary_repository_impl.dart').
  Try correcting the name to the name of an existing method, or defining a method named 'StopEntity'.
    StopEntity _stopFromMap(Map<String, dynamic> m) => StopEntity(
                                                       ^^^^^^^^^^
  lib/features/map/data/map_repository_impl.dart:45:50: Error: The method 'StopEntity' isn't defined for the type 'MapRepositoryImpl'.
   - 'MapRepositoryImpl' is from 'package:rahhal_flutter/features/map/data/map_repository_impl.dart' ('lib/features/map/data/map_repository_impl.dart').
  Try correcting the name to the name of an existing method, or defining a method named 'StopEntity'.
    StopEntity _fromMap(Map<String, dynamic> m) => StopEntity(
                                                   ^^^^^^^^^^
  lib/features/saved_trips/data/saved_trips_repository_impl.dart:53:50: Error: The method 'TripEntity' isn't defined for the type 'SavedTripsRepositoryImpl'.
   - 'SavedTripsRepositoryImpl' is from 'package:rahhal_flutter/features/saved_trips/data/saved_trips_repository_impl.dart' ('lib/features/saved_trips/data/saved_trips_repository_impl.dart').
  Try correcting the name to the name of an existing method, or defining a method named 'TripEntity'.
    TripEntity _fromMap(Map<String, dynamic> m) => TripEntity(
                                                   ^^^^^^^^^^
  .
00:00 +0 -1: Some tests failed.

Failing tests:
  D:/┘à┘ç┘à╪º╪¬/rahhal-ai-design/rahhal_flutter/test/widget_test.dart: loading D:/┘à┘ç┘à╪º╪¬/rahhal-ai-design/rahhal_flutter/test/widget_test.dart
